// Jest Snapshot v1, https://goo.gl/fbAQLP

exports[`PhraseHear renders the phrase from item data (snapshot) 1`] = `
<RCTSafeAreaView
  style={
    [
      {
        "flex": 1,
      },
      {
        "backgroundColor": "#F4F2ED",
      },
      undefined,
    ]
  }
>
  <View
    style={
      [
        {
          "flex": 1,
        },
        {
          "paddingHorizontal": 24,
        },
      ]
    }
  >
    <View
      style={
        {
          "alignItems": "center",
          "flex": 1,
          "justifyContent": "center",
          "paddingBottom": 8,
        }
      }
    >
      <Text
        style={
          [
            {
              "fontSize": 11.5,
              "fontWeight": "600",
              "letterSpacing": 1.3,
              "textAlign": "center",
            },
            {
              "color": "rgba(26,39,51,0.34)",
            },
          ]
        }
      >
        NEW PHRASE
      </Text>
      <View
        style={
          {
            "marginTop": 22,
          }
        }
      >
        <Text
          style={
            {
              "color": "#1A2733",
              "fontFamily": "Spectral_500Medium",
              "fontSize": 34,
              "fontWeight": "500",
              "letterSpacing": -0.5,
              "lineHeight": 42.5,
              "textAlign": "center",
            }
          }
        >
          <Text>
            Labrīt!
          </Text>
        </Text>
      </View>
      <View
        style={
          {
            "alignItems": "center",
            "marginTop": 32,
            "rowGap": 20,
            "width": "100%",
          }
        }
      >
        <View
          style={
            {
              "width": "78%",
            }
          }
        >
          <View
            accessibilityLabel="Audio waveform"
            accessibilityRole="image"
            style={
              [
                {
                  "alignItems": "center",
                  "flexDirection": "row",
                  "width": "100%",
                },
                {
                  "columnGap": 3,
                  "height": 58,
                },
              ]
            }
          >
            <View
              collapsable={false}
              style={
                {
                  "backgroundColor": "#2C5E8C",
                  "borderRadius": 3,
                  "flex": 1,
                  "height": 58,
                  "transform": [
                    {
                      "scaleY": 0.08,
                    },
                  ],
                }
              }
            />
            <View
              collapsable={false}
              style={
                {
                  "backgroundColor": "#2C5E8C",
                  "borderRadius": 3,
                  "flex": 1,
                  "height": 58,
                  "transform": [
                    {
                      "scaleY": 0.08,
                    },
                  ],
                }
              }
            />
            <View
              collapsable={false}
              style={
                {
                  "backgroundColor": "#2C5E8C",
                  "borderRadius": 3,
                  "flex": 1,
                  "height": 58,
                  "transform": [
                    {
                      "scaleY": 0.08,
                    },
                  ],
                }
              }
            />
            <View
              collapsable={false}
              style={
                {
                  "backgroundColor": "#2C5E8C",
                  "borderRadius": 3,
                  "flex": 1,
                  "height": 58,
                  "transform": [
                    {
                      "scaleY": 0.08,
                    },
                  ],
                }
              }
            />
            <View
              collapsable={false}
              style={
                {
                  "backgroundColor": "#2C5E8C",
                  "borderRadius": 3,
                  "flex": 1,
                  "height": 58,
                  "transform": [
                    {
                      "scaleY": 0.08,
                    },
                  ],
                }
              }
            />
            <View
              collapsable={false}
              style={
                {
                  "backgroundColor": "#2C5E8C",
                  "borderRadius": 3,
                  "flex": 1,
                  "height": 58,
                  "transform": [
                    {
                      "scaleY": 0.08,
                    },
                  ],
                }
              }
            />
            <View
              collapsable={false}
              style={
                {
                  "backgroundColor": "#2C5E8C",
                  "borderRadius": 3,
                  "flex": 1,
                  "height": 58,
                  "transform": [
                    {
                      "scaleY": 0.08,
                    },
                  ],
                }
              }
            />
            <View
              collapsable={false}
              style={
                {
                  "backgroundColor": "#2C5E8C",
                  "borderRadius": 3,
                  "flex": 1,
                  "height": 58,
                  "transform": [
                    {
                      "scaleY": 0.08,
                    },
                  ],
                }
              }
            />
            <View
              collapsable={false}
              style={
                {
                  "backgroundColor": "#2C5E8C",
                  "borderRadius": 3,
                  "flex": 1,
                  "height": 58,
                  "transform": [
                    {
                      "scaleY": 0.08,
                    },
                  ],
                }
              }
            />
            <View
              collapsable={false}
              style={
                {
                  "backgroundColor": "#2C5E8C",
                  "borderRadius": 3,
                  "flex": 1,
                  "height": 58,
                  "transform": [
                    {
                      "scaleY": 0.08,
                    },
                  ],
                }
              }
            />
            <View
              collapsable={false}
              style={
                {
                  "backgroundColor": "#2C5E8C",
                  "borderRadius": 3,
                  "flex": 1,
                  "height": 58,
                  "transform": [
                    {
                      "scaleY": 0.08,
                    },
                  ],
                }
              }
            />
            <View
              collapsable={false}
              style={
                {
                  "backgroundColor": "#2C5E8C",
                  "borderRadius": 3,
                  "flex": 1,
                  "height": 58,
                  "transform": [
                    {
                      "scaleY": 0.08,
                    },
                  ],
                }
              }
            />
            <View
              collapsable={false}
              style={
                {
                  "backgroundColor": "#2C5E8C",
                  "borderRadius": 3,
                  "flex": 1,
                  "height": 58,
                  "transform": [
                    {
                      "scaleY": 0.08,
                    },
                  ],
                }
              }
            />
            <View
              collapsable={false}
              style={
                {
                  "backgroundColor": "#2C5E8C",
                  "borderRadius": 3,
                  "flex": 1,
                  "height": 58,
                  "transform": [
                    {
                      "scaleY": 0.08,
                    },
                  ],
                }
              }
            />
            <View
              collapsable={false}
              style={
                {
                  "backgroundColor": "#2C5E8C",
                  "borderRadius": 3,
                  "flex": 1,
                  "height": 58,
                  "transform": [
                    {
                      "scaleY": 0.08,
                    },
                  ],
                }
              }
            />
            <View
              collapsable={false}
              style={
                {
                  "backgroundColor": "#2C5E8C",
                  "borderRadius": 3,
                  "flex": 1,
                  "height": 58,
                  "transform": [
                    {
                      "scaleY": 0.08,
                    },
                  ],
                }
              }
            />
            <View
              collapsable={false}
              style={
                {
                  "backgroundColor": "#2C5E8C",
                  "borderRadius": 3,
                  "flex": 1,
                  "height": 58,
                  "transform": [
                    {
                      "scaleY": 0.08,
                    },
                  ],
                }
              }
            />
            <View
              collapsable={false}
              style={
                {
                  "backgroundColor": "#2C5E8C",
                  "borderRadius": 3,
                  "flex": 1,
                  "height": 58,
                  "transform": [
                    {
                      "scaleY": 0.08,
                    },
                  ],
                }
              }
            />
            <View
              collapsable={false}
              style={
                {
                  "backgroundColor": "#2C5E8C",
                  "borderRadius": 3,
                  "flex": 1,
                  "height": 58,
                  "transform": [
                    {
                      "scaleY": 0.08,
                    },
                  ],
                }
              }
            />
            <View
              collapsable={false}
              style={
                {
                  "backgroundColor": "#2C5E8C",
                  "borderRadius": 3,
                  "flex": 1,
                  "height": 58,
                  "transform": [
                    {
                      "scaleY": 0.08,
                    },
                  ],
                }
              }
            />
            <View
              collapsable={false}
              style={
                {
                  "backgroundColor": "#2C5E8C",
                  "borderRadius": 3,
                  "flex": 1,
                  "height": 58,
                  "transform": [
                    {
                      "scaleY": 0.08,
                    },
                  ],
                }
              }
            />
            <View
              collapsable={false}
              style={
                {
                  "backgroundColor": "#2C5E8C",
                  "borderRadius": 3,
                  "flex": 1,
                  "height": 58,
                  "transform": [
                    {
                      "scaleY": 0.08,
                    },
                  ],
                }
              }
            />
            <View
              collapsable={false}
              style={
                {
                  "backgroundColor": "#2C5E8C",
                  "borderRadius": 3,
                  "flex": 1,
                  "height": 58,
                  "transform": [
                    {
                      "scaleY": 0.08,
                    },
                  ],
                }
              }
            />
            <View
              collapsable={false}
              style={
                {
                  "backgroundColor": "#2C5E8C",
                  "borderRadius": 3,
                  "flex": 1,
                  "height": 58,
                  "transform": [
                    {
                      "scaleY": 0.08,
                    },
                  ],
                }
              }
            />
            <View
              collapsable={false}
              style={
                {
                  "backgroundColor": "#2C5E8C",
                  "borderRadius": 3,
                  "flex": 1,
                  "height": 58,
                  "transform": [
                    {
                      "scaleY": 0.08,
                    },
                  ],
                }
              }
            />
            <View
              collapsable={false}
              style={
                {
                  "backgroundColor": "#2C5E8C",
                  "borderRadius": 3,
                  "flex": 1,
                  "height": 58,
                  "transform": [
                    {
                      "scaleY": 0.08,
                    },
                  ],
                }
              }
            />
            <View
              collapsable={false}
              style={
                {
                  "backgroundColor": "#2C5E8C",
                  "borderRadius": 3,
                  "flex": 1,
                  "height": 58,
                  "transform": [
                    {
                      "scaleY": 0.08,
                    },
                  ],
                }
              }
            />
            <View
              collapsable={false}
              style={
                {
                  "backgroundColor": "#2C5E8C",
                  "borderRadius": 3,
                  "flex": 1,
                  "height": 58,
                  "transform": [
                    {
                      "scaleY": 0.08,
                    },
                  ],
                }
              }
            />
            <View
              collapsable={false}
              style={
                {
                  "backgroundColor": "#2C5E8C",
                  "borderRadius": 3,
                  "flex": 1,
                  "height": 58,
                  "transform": [
                    {
                      "scaleY": 0.08,
                    },
                  ],
                }
              }
            />
            <View
              collapsable={false}
              style={
                {
                  "backgroundColor": "#2C5E8C",
                  "borderRadius": 3,
                  "flex": 1,
                  "height": 58,
                  "transform": [
                    {
                      "scaleY": 0.08,
                    },
                  ],
                }
              }
            />
            <View
              collapsable={false}
              style={
                {
                  "backgroundColor": "#2C5E8C",
                  "borderRadius": 3,
                  "flex": 1,
                  "height": 58,
                  "transform": [
                    {
                      "scaleY": 0.08,
                    },
                  ],
                }
              }
            />
            <View
              collapsable={false}
              style={
                {
                  "backgroundColor": "#2C5E8C",
                  "borderRadius": 3,
                  "flex": 1,
                  "height": 58,
                  "transform": [
                    {
                      "scaleY": 0.08,
                    },
                  ],
                }
              }
            />
            <View
              collapsable={false}
              style={
                {
                  "backgroundColor": "#2C5E8C",
                  "borderRadius": 3,
                  "flex": 1,
                  "height": 58,
                  "transform": [
                    {
                      "scaleY": 0.08,
                    },
                  ],
                }
              }
            />
            <View
              collapsable={false}
              style={
                {
                  "backgroundColor": "#2C5E8C",
                  "borderRadius": 3,
                  "flex": 1,
                  "height": 58,
                  "transform": [
                    {
                      "scaleY": 0.08,
                    },
                  ],
                }
              }
            />
            <View
              collapsable={false}
              style={
                {
                  "backgroundColor": "#2C5E8C",
                  "borderRadius": 3,
                  "flex": 1,
                  "height": 58,
                  "transform": [
                    {
                      "scaleY": 0.08,
                    },
                  ],
                }
              }
            />
            <View
              collapsable={false}
              style={
                {
                  "backgroundColor": "#2C5E8C",
                  "borderRadius": 3,
                  "flex": 1,
                  "height": 58,
                  "transform": [
                    {
                      "scaleY": 0.08,
                    },
                  ],
                }
              }
            />
            <View
              collapsable={false}
              style={
                {
                  "backgroundColor": "#2C5E8C",
                  "borderRadius": 3,
                  "flex": 1,
                  "height": 58,
                  "transform": [
                    {
                      "scaleY": 0.08,
                    },
                  ],
                }
              }
            />
            <View
              collapsable={false}
              style={
                {
                  "backgroundColor": "#2C5E8C",
                  "borderRadius": 3,
                  "flex": 1,
                  "height": 58,
                  "transform": [
                    {
                      "scaleY": 0.08,
                    },
                  ],
                }
              }
            />
            <View
              collapsable={false}
              style={
                {
                  "backgroundColor": "#2C5E8C",
                  "borderRadius": 3,
                  "flex": 1,
                  "height": 58,
                  "transform": [
                    {
                      "scaleY": 0.08,
                    },
                  ],
                }
              }
            />
            <View
              collapsable={false}
              style={
                {
                  "backgroundColor": "#2C5E8C",
                  "borderRadius": 3,
                  "flex": 1,
                  "height": 58,
                  "transform": [
                    {
                      "scaleY": 0.08,
                    },
                  ],
                }
              }
            />
            <View
              collapsable={false}
              style={
                {
                  "backgroundColor": "#2C5E8C",
                  "borderRadius": 3,
                  "flex": 1,
                  "height": 58,
                  "transform": [
                    {
                      "scaleY": 0.08,
                    },
                  ],
                }
              }
            />
            <View
              collapsable={false}
              style={
                {
                  "backgroundColor": "#2C5E8C",
                  "borderRadius": 3,
                  "flex": 1,
                  "height": 58,
                  "transform": [
                    {
                      "scaleY": 0.08,
                    },
                  ],
                }
              }
            />
            <View
              collapsable={false}
              style={
                {
                  "backgroundColor": "#2C5E8C",
                  "borderRadius": 3,
                  "flex": 1,
                  "height": 58,
                  "transform": [
                    {
                      "scaleY": 0.08,
                    },
                  ],
                }
              }
            />
            <View
              collapsable={false}
              style={
                {
                  "backgroundColor": "#2C5E8C",
                  "borderRadius": 3,
                  "flex": 1,
                  "height": 58,
                  "transform": [
                    {
                      "scaleY": 0.08,
                    },
                  ],
                }
              }
            />
          </View>
        </View>
        <View
          accessibilityLabel="Play"
          accessibilityRole="button"
          accessibilityState={
            {
              "busy": undefined,
              "checked": undefined,
              "disabled": undefined,
              "expanded": undefined,
              "selected": undefined,
            }
          }
          accessibilityValue={
            {
              "max": undefined,
              "min": undefined,
              "now": undefined,
              "text": undefined,
            }
          }
          accessible={true}
          collapsable={false}
          focusable={true}
          onBlur={[Function]}
          onClick={[Function]}
          onFocus={[Function]}
          onResponderGrant={[Function]}
          onResponderMove={[Function]}
          onResponderRelease={[Function]}
          onResponderTerminate={[Function]}
          onResponderTerminationRequest={[Function]}
          onStartShouldSetResponder={[Function]}
          style={
            [
              {
                "alignItems": "center",
                "justifyContent": "center",
              },
              {
                "backgroundColor": "#2C5E8C",
                "borderColor": "#2C5E8C",
                "borderRadius": 45,
                "borderWidth": 0,
                "elevation": 6,
                "height": 90,
                "shadowColor": "#2C5E8C",
                "shadowOffset": {
                  "height": 8,
                  "width": 0,
                },
                "shadowOpacity": 0.28,
                "shadowRadius": 22,
                "width": 90,
              },
            ]
          }
        >
          <RNSVGSvgView
            align="xMidYMid"
            bbHeight={32.4}
            bbWidth={32.4}
            focusable={false}
            height={32.4}
            meetOrSlice={0}
            minX={0}
            minY={0}
            style={
              [
                {
                  "backgroundColor": "transparent",
                  "borderWidth": 0,
                },
                {
                  "flex": 0,
                  "height": 32,
                  "width": 32,
                },
              ]
            }
            vbHeight={24}
            vbWidth={24}
            width={32.4}
          >
            <RNSVGGroup
              fill={
                {
                  "payload": 4278190080,
                  "type": 0,
                }
              }
            >
              <RNSVGRect
                fill={
                  {
                    "payload": 4294967295,
                    "type": 0,
                  }
                }
                height="17"
                propList={
                  [
                    "fill",
                  ]
                }
                rx="1.6"
                width="5"
                x="5"
                y="3.5"
              />
              <RNSVGRect
                fill={
                  {
                    "payload": 4294967295,
                    "type": 0,
                  }
                }
                height="17"
                propList={
                  [
                    "fill",
                  ]
                }
                rx="1.6"
                width="5"
                x="14"
                y="3.5"
              />
            </RNSVGGroup>
          </RNSVGSvgView>
        </View>
        <View
          accessibilityLabel="Speech speed 1×, tap to change"
          accessibilityRole="button"
          accessibilityState={
            {
              "busy": undefined,
              "checked": undefined,
              "disabled": undefined,
              "expanded": undefined,
              "selected": undefined,
            }
          }
          accessibilityValue={
            {
              "max": undefined,
              "min": undefined,
              "now": undefined,
              "text": undefined,
            }
          }
          accessible={true}
          collapsable={false}
          focusable={true}
          onBlur={[Function]}
          onClick={[Function]}
          onFocus={[Function]}
          onResponderGrant={[Function]}
          onResponderMove={[Function]}
          onResponderRelease={[Function]}
          onResponderTerminate={[Function]}
          onResponderTerminationRequest={[Function]}
          onStartShouldSetResponder={[Function]}
          style={
            [
              {
                "alignItems": "center",
                "borderRadius": 99,
                "borderWidth": 1.5,
                "columnGap": 7,
                "flexDirection": "row",
                "paddingHorizontal": 14,
                "paddingVertical": 8,
              },
              {
                "backgroundColor": "transparent",
                "borderColor": "rgba(26,39,51,0.09)",
              },
            ]
          }
        >
          <RNSVGSvgView
            align="xMidYMid"
            bbHeight={15}
            bbWidth={15}
            focusable={false}
            height={15}
            meetOrSlice={0}
            minX={0}
            minY={0}
            style={
              [
                {
                  "backgroundColor": "transparent",
                  "borderWidth": 0,
                },
                {
                  "flex": 0,
                  "height": 15,
                  "width": 15,
                },
              ]
            }
            vbHeight={24}
            vbWidth={24}
            width={15}
          >
            <RNSVGGroup
              fill={
                {
                  "payload": 4278190080,
                  "type": 0,
                }
              }
            >
              <RNSVGPath
                d="M4 16.5a8.5 8.5 0 0 1 16 0"
                fill={null}
                propList={
                  [
                    "fill",
                    "stroke",
                    "strokeWidth",
                    "strokeLinecap",
                  ]
                }
                stroke={
                  {
                    "payload": 1461331763,
                    "type": 0,
                  }
                }
                strokeLinecap={1}
                strokeWidth={1.8}
              />
              <RNSVGPath
                d="M12 16.5L8 13.5"
                fill={null}
                propList={
                  [
                    "fill",
                    "stroke",
                    "strokeWidth",
                    "strokeLinecap",
                  ]
                }
                stroke={
                  {
                    "payload": 1461331763,
                    "type": 0,
                  }
                }
                strokeLinecap={1}
                strokeWidth={1.8}
              />
              <RNSVGCircle
                cx="12"
                cy="16.5"
                fill={
                  {
                    "payload": 1461331763,
                    "type": 0,
                  }
                }
                propList={
                  [
                    "fill",
                  ]
                }
                r="1.2"
              />
            </RNSVGGroup>
          </RNSVGSvgView>
          <Text
            style={
              [
                {
                  "fontSize": 13,
                  "fontVariant": [
                    "tabular-nums",
                  ],
                  "fontWeight": "600",
                },
                {
                  "color": "rgba(26,39,51,0.34)",
                },
              ]
            }
          >
            1×
          </Text>
        </View>
      </View>
      <View
        style={
          {
            "alignItems": "center",
            "height": 70,
            "justifyContent": "flex-start",
            "marginTop": 24,
          }
        }
      >
        <View
          accessibilityRole="button"
          accessibilityState={
            {
              "busy": undefined,
              "checked": undefined,
              "disabled": undefined,
              "expanded": undefined,
              "selected": undefined,
            }
          }
          accessibilityValue={
            {
              "max": undefined,
              "min": undefined,
              "now": undefined,
              "text": undefined,
            }
          }
          accessible={true}
          collapsable={false}
          focusable={true}
          onBlur={[Function]}
          onClick={[Function]}
          onFocus={[Function]}
          onResponderGrant={[Function]}
          onResponderMove={[Function]}
          onResponderRelease={[Function]}
          onResponderTerminate={[Function]}
          onResponderTerminationRequest={[Function]}
          onStartShouldSetResponder={[Function]}
          style={
            [
              {
                "alignItems": "center",
                "borderRadius": 99,
                "borderWidth": 1.5,
                "columnGap": 8,
                "flexDirection": "row",
                "paddingHorizontal": 18,
                "paddingVertical": 10,
              },
              {
                "borderColor": "rgba(26,39,51,0.09)",
              },
            ]
          }
        >
          <RNSVGSvgView
            align="xMidYMid"
            bbHeight={16}
            bbWidth={16}
            focusable={false}
            height={16}
            meetOrSlice={0}
            minX={0}
            minY={0}
            style={
              [
                {
                  "backgroundColor": "transparent",
                  "borderWidth": 0,
                },
                {
                  "flex": 0,
                  "height": 16,
                  "width": 16,
                },
              ]
            }
            vbHeight={24}
            vbWidth={24}
            width={16}
          >
            <RNSVGGroup
              fill={
                {
                  "payload": 4278190080,
                  "type": 0,
                }
              }
            >
              <RNSVGPath
                d="M5 6h14M5 11h14M5 16h9"
                fill={null}
                propList={
                  [
                    "fill",
                    "stroke",
                    "strokeWidth",
                    "strokeLinecap",
                    "strokeLinejoin",
                  ]
                }
                stroke={
                  {
                    "payload": 2484741939,
                    "type": 0,
                  }
                }
                strokeLinecap={1}
                strokeLinejoin={1}
                strokeWidth={1.8}
              />
            </RNSVGGroup>
          </RNSVGSvgView>
          <Text
            style={
              [
                {
                  "fontSize": 14,
                  "fontWeight": "600",
                },
                {
                  "color": "rgba(26,39,51,0.58)",
                },
              ]
            }
          >
            Show meaning
          </Text>
        </View>
      </View>
    </View>
    <View
      style={
        {
          "paddingBottom": 30,
          "rowGap": 11,
        }
      }
    >
      <View
        accessibilityRole="button"
        accessibilityState={
          {
            "busy": undefined,
            "checked": undefined,
            "disabled": false,
            "expanded": undefined,
            "selected": undefined,
          }
        }
        accessibilityValue={
          {
            "max": undefined,
            "min": undefined,
            "now": undefined,
            "text": undefined,
          }
        }
        accessible={true}
        collapsable={false}
        focusable={true}
        onBlur={[Function]}
        onClick={[Function]}
        onFocus={[Function]}
        onResponderGrant={[Function]}
        onResponderMove={[Function]}
        onResponderRelease={[Function]}
        onResponderTerminate={[Function]}
        onResponderTerminationRequest={[Function]}
        onStartShouldSetResponder={[Function]}
        style={
          [
            {
              "alignItems": "center",
              "borderRadius": 18,
              "height": 56,
              "justifyContent": "center",
              "width": "100%",
            },
            {
              "backgroundColor": "#2C5E8C",
              "borderColor": "#2C5E8C",
              "borderWidth": 0,
              "opacity": 1,
            },
          ]
        }
      >
        <View
          style={
            {
              "alignItems": "center",
              "flexDirection": "row",
              "justifyContent": "center",
            }
          }
        >
          <Text
            style={
              [
                {
                  "fontSize": 17,
                  "fontWeight": "600",
                },
                {
                  "color": "#FFFFFF",
                },
              ]
            }
          >
            Continue
          </Text>
        </View>
      </View>
    </View>
  </View>
</RCTSafeAreaView>
`;
