// Jest Snapshot v1, https://goo.gl/fbAQLP

exports[`PhraseMeaning renders the choices from item data (snapshot) 1`] = `
<RCTSafeAreaView
  style={
    [
      {
        "flex": 1,
      },
      {
        "backgroundColor": "#F4F2ED",
      },
      undefined,
    ]
  }
>
  <View
    style={
      [
        {
          "flex": 1,
        },
        {
          "paddingHorizontal": 24,
        },
      ]
    }
  >
    <View
      style={
        {
          "alignItems": "center",
          "flex": 1,
          "justifyContent": "center",
          "paddingBottom": 8,
        }
      }
    >
      <Text
        style={
          [
            {
              "fontSize": 12,
              "fontWeight": "600",
              "letterSpacing": 1.4,
              "textAlign": "center",
            },
            {
              "color": "rgba(26,39,51,0.34)",
            },
          ]
        }
      >
        WHICH MEANING?
      </Text>
      <View
        style={
          {
            "alignItems": "center",
            "marginTop": 20,
          }
        }
      >
        <Text
          style={
            [
              {
                "fontFamily": "Spectral_500Medium",
                "fontSize": 32,
                "fontWeight": "500",
                "letterSpacing": -0.5,
                "textAlign": "center",
              },
              {
                "color": "#1A2733",
              },
            ]
          }
        >
          Labrīt!
        </Text>
      </View>
      <View
        style={
          {
            "alignItems": "center",
            "columnGap": 12,
            "flexDirection": "row",
            "marginTop": 24,
            "width": "84%",
          }
        }
      >
        <View
          accessibilityLabel="Play"
          accessibilityRole="button"
          accessibilityState={
            {
              "busy": undefined,
              "checked": undefined,
              "disabled": undefined,
              "expanded": undefined,
              "selected": undefined,
            }
          }
          accessibilityValue={
            {
              "max": undefined,
              "min": undefined,
              "now": undefined,
              "text": undefined,
            }
          }
          accessible={true}
          collapsable={false}
          focusable={true}
          onBlur={[Function]}
          onClick={[Function]}
          onFocus={[Function]}
          onResponderGrant={[Function]}
          onResponderMove={[Function]}
          onResponderRelease={[Function]}
          onResponderTerminate={[Function]}
          onResponderTerminationRequest={[Function]}
          onStartShouldSetResponder={[Function]}
          style={
            [
              {
                "alignItems": "center",
                "justifyContent": "center",
              },
              {
                "backgroundColor": "#2C5E8C",
                "borderColor": "#2C5E8C",
                "borderRadius": 26.5,
                "borderWidth": 0,
                "elevation": 6,
                "height": 53,
                "shadowColor": "#2C5E8C",
                "shadowOffset": {
                  "height": 8,
                  "width": 0,
                },
                "shadowOpacity": 0.28,
                "shadowRadius": 22,
                "width": 53,
              },
            ]
          }
        >
          <RNSVGSvgView
            align="xMidYMid"
            bbHeight={19.08}
            bbWidth={19.08}
            focusable={false}
            height={19.08}
            meetOrSlice={0}
            minX={0}
            minY={0}
            style={
              [
                {
                  "backgroundColor": "transparent",
                  "borderWidth": 0,
                },
                {
                  "flex": 0,
                  "height": 19,
                  "width": 19,
                },
              ]
            }
            vbHeight={24}
            vbWidth={24}
            width={19.08}
          >
            <RNSVGGroup
              fill={
                {
                  "payload": 4278190080,
                  "type": 0,
                }
              }
            >
              <RNSVGPath
                d="M6 4.5v15a1 1 0 0 0 1.5.87l12-7.5a1 1 0 0 0 0-1.74l-12-7.5A1 1 0 0 0 6 4.5z"
                fill={
                  {
                    "payload": 4294967295,
                    "type": 0,
                  }
                }
                propList={
                  [
                    "fill",
                  ]
                }
              />
            </RNSVGGroup>
          </RNSVGSvgView>
        </View>
        <View
          style={
            {
              "flex": 1,
            }
          }
        >
          <View
            accessibilityLabel="Audio waveform"
            accessibilityRole="image"
            style={
              [
                {
                  "alignItems": "center",
                  "flexDirection": "row",
                  "width": "100%",
                },
                {
                  "columnGap": 3,
                  "height": 34,
                },
              ]
            }
          >
            <View
              collapsable={false}
              style={
                {
                  "backgroundColor": "#2C5E8C",
                  "borderRadius": 3,
                  "flex": 1,
                  "height": 34,
                  "transform": [
                    {
                      "scaleY": 0.08,
                    },
                  ],
                }
              }
            />
            <View
              collapsable={false}
              style={
                {
                  "backgroundColor": "#2C5E8C",
                  "borderRadius": 3,
                  "flex": 1,
                  "height": 34,
                  "transform": [
                    {
                      "scaleY": 0.08,
                    },
                  ],
                }
              }
            />
            <View
              collapsable={false}
              style={
                {
                  "backgroundColor": "#2C5E8C",
                  "borderRadius": 3,
                  "flex": 1,
                  "height": 34,
                  "transform": [
                    {
                      "scaleY": 0.08,
                    },
                  ],
                }
              }
            />
            <View
              collapsable={false}
              style={
                {
                  "backgroundColor": "#2C5E8C",
                  "borderRadius": 3,
                  "flex": 1,
                  "height": 34,
                  "transform": [
                    {
                      "scaleY": 0.08,
                    },
                  ],
                }
              }
            />
            <View
              collapsable={false}
              style={
                {
                  "backgroundColor": "#2C5E8C",
                  "borderRadius": 3,
                  "flex": 1,
                  "height": 34,
                  "transform": [
                    {
                      "scaleY": 0.08,
                    },
                  ],
                }
              }
            />
            <View
              collapsable={false}
              style={
                {
                  "backgroundColor": "#2C5E8C",
                  "borderRadius": 3,
                  "flex": 1,
                  "height": 34,
                  "transform": [
                    {
                      "scaleY": 0.08,
                    },
                  ],
                }
              }
            />
            <View
              collapsable={false}
              style={
                {
                  "backgroundColor": "#2C5E8C",
                  "borderRadius": 3,
                  "flex": 1,
                  "height": 34,
                  "transform": [
                    {
                      "scaleY": 0.08,
                    },
                  ],
                }
              }
            />
            <View
              collapsable={false}
              style={
                {
                  "backgroundColor": "#2C5E8C",
                  "borderRadius": 3,
                  "flex": 1,
                  "height": 34,
                  "transform": [
                    {
                      "scaleY": 0.08,
                    },
                  ],
                }
              }
            />
            <View
              collapsable={false}
              style={
                {
                  "backgroundColor": "#2C5E8C",
                  "borderRadius": 3,
                  "flex": 1,
                  "height": 34,
                  "transform": [
                    {
                      "scaleY": 0.08,
                    },
                  ],
                }
              }
            />
            <View
              collapsable={false}
              style={
                {
                  "backgroundColor": "#2C5E8C",
                  "borderRadius": 3,
                  "flex": 1,
                  "height": 34,
                  "transform": [
                    {
                      "scaleY": 0.08,
                    },
                  ],
                }
              }
            />
            <View
              collapsable={false}
              style={
                {
                  "backgroundColor": "#2C5E8C",
                  "borderRadius": 3,
                  "flex": 1,
                  "height": 34,
                  "transform": [
                    {
                      "scaleY": 0.08,
                    },
                  ],
                }
              }
            />
            <View
              collapsable={false}
              style={
                {
                  "backgroundColor": "#2C5E8C",
                  "borderRadius": 3,
                  "flex": 1,
                  "height": 34,
                  "transform": [
                    {
                      "scaleY": 0.08,
                    },
                  ],
                }
              }
            />
            <View
              collapsable={false}
              style={
                {
                  "backgroundColor": "#2C5E8C",
                  "borderRadius": 3,
                  "flex": 1,
                  "height": 34,
                  "transform": [
                    {
                      "scaleY": 0.08,
                    },
                  ],
                }
              }
            />
            <View
              collapsable={false}
              style={
                {
                  "backgroundColor": "#2C5E8C",
                  "borderRadius": 3,
                  "flex": 1,
                  "height": 34,
                  "transform": [
                    {
                      "scaleY": 0.08,
                    },
                  ],
                }
              }
            />
            <View
              collapsable={false}
              style={
                {
                  "backgroundColor": "#2C5E8C",
                  "borderRadius": 3,
                  "flex": 1,
                  "height": 34,
                  "transform": [
                    {
                      "scaleY": 0.08,
                    },
                  ],
                }
              }
            />
            <View
              collapsable={false}
              style={
                {
                  "backgroundColor": "#2C5E8C",
                  "borderRadius": 3,
                  "flex": 1,
                  "height": 34,
                  "transform": [
                    {
                      "scaleY": 0.08,
                    },
                  ],
                }
              }
            />
            <View
              collapsable={false}
              style={
                {
                  "backgroundColor": "#2C5E8C",
                  "borderRadius": 3,
                  "flex": 1,
                  "height": 34,
                  "transform": [
                    {
                      "scaleY": 0.08,
                    },
                  ],
                }
              }
            />
            <View
              collapsable={false}
              style={
                {
                  "backgroundColor": "#2C5E8C",
                  "borderRadius": 3,
                  "flex": 1,
                  "height": 34,
                  "transform": [
                    {
                      "scaleY": 0.08,
                    },
                  ],
                }
              }
            />
            <View
              collapsable={false}
              style={
                {
                  "backgroundColor": "#2C5E8C",
                  "borderRadius": 3,
                  "flex": 1,
                  "height": 34,
                  "transform": [
                    {
                      "scaleY": 0.08,
                    },
                  ],
                }
              }
            />
            <View
              collapsable={false}
              style={
                {
                  "backgroundColor": "#2C5E8C",
                  "borderRadius": 3,
                  "flex": 1,
                  "height": 34,
                  "transform": [
                    {
                      "scaleY": 0.08,
                    },
                  ],
                }
              }
            />
            <View
              collapsable={false}
              style={
                {
                  "backgroundColor": "#2C5E8C",
                  "borderRadius": 3,
                  "flex": 1,
                  "height": 34,
                  "transform": [
                    {
                      "scaleY": 0.08,
                    },
                  ],
                }
              }
            />
            <View
              collapsable={false}
              style={
                {
                  "backgroundColor": "#2C5E8C",
                  "borderRadius": 3,
                  "flex": 1,
                  "height": 34,
                  "transform": [
                    {
                      "scaleY": 0.08,
                    },
                  ],
                }
              }
            />
            <View
              collapsable={false}
              style={
                {
                  "backgroundColor": "#2C5E8C",
                  "borderRadius": 3,
                  "flex": 1,
                  "height": 34,
                  "transform": [
                    {
                      "scaleY": 0.08,
                    },
                  ],
                }
              }
            />
            <View
              collapsable={false}
              style={
                {
                  "backgroundColor": "#2C5E8C",
                  "borderRadius": 3,
                  "flex": 1,
                  "height": 34,
                  "transform": [
                    {
                      "scaleY": 0.08,
                    },
                  ],
                }
              }
            />
            <View
              collapsable={false}
              style={
                {
                  "backgroundColor": "#2C5E8C",
                  "borderRadius": 3,
                  "flex": 1,
                  "height": 34,
                  "transform": [
                    {
                      "scaleY": 0.08,
                    },
                  ],
                }
              }
            />
            <View
              collapsable={false}
              style={
                {
                  "backgroundColor": "#2C5E8C",
                  "borderRadius": 3,
                  "flex": 1,
                  "height": 34,
                  "transform": [
                    {
                      "scaleY": 0.08,
                    },
                  ],
                }
              }
            />
            <View
              collapsable={false}
              style={
                {
                  "backgroundColor": "#2C5E8C",
                  "borderRadius": 3,
                  "flex": 1,
                  "height": 34,
                  "transform": [
                    {
                      "scaleY": 0.08,
                    },
                  ],
                }
              }
            />
            <View
              collapsable={false}
              style={
                {
                  "backgroundColor": "#2C5E8C",
                  "borderRadius": 3,
                  "flex": 1,
                  "height": 34,
                  "transform": [
                    {
                      "scaleY": 0.08,
                    },
                  ],
                }
              }
            />
            <View
              collapsable={false}
              style={
                {
                  "backgroundColor": "#2C5E8C",
                  "borderRadius": 3,
                  "flex": 1,
                  "height": 34,
                  "transform": [
                    {
                      "scaleY": 0.08,
                    },
                  ],
                }
              }
            />
            <View
              collapsable={false}
              style={
                {
                  "backgroundColor": "#2C5E8C",
                  "borderRadius": 3,
                  "flex": 1,
                  "height": 34,
                  "transform": [
                    {
                      "scaleY": 0.08,
                    },
                  ],
                }
              }
            />
            <View
              collapsable={false}
              style={
                {
                  "backgroundColor": "#2C5E8C",
                  "borderRadius": 3,
                  "flex": 1,
                  "height": 34,
                  "transform": [
                    {
                      "scaleY": 0.08,
                    },
                  ],
                }
              }
            />
            <View
              collapsable={false}
              style={
                {
                  "backgroundColor": "#2C5E8C",
                  "borderRadius": 3,
                  "flex": 1,
                  "height": 34,
                  "transform": [
                    {
                      "scaleY": 0.08,
                    },
                  ],
                }
              }
            />
            <View
              collapsable={false}
              style={
                {
                  "backgroundColor": "#2C5E8C",
                  "borderRadius": 3,
                  "flex": 1,
                  "height": 34,
                  "transform": [
                    {
                      "scaleY": 0.08,
                    },
                  ],
                }
              }
            />
            <View
              collapsable={false}
              style={
                {
                  "backgroundColor": "#2C5E8C",
                  "borderRadius": 3,
                  "flex": 1,
                  "height": 34,
                  "transform": [
                    {
                      "scaleY": 0.08,
                    },
                  ],
                }
              }
            />
            <View
              collapsable={false}
              style={
                {
                  "backgroundColor": "#2C5E8C",
                  "borderRadius": 3,
                  "flex": 1,
                  "height": 34,
                  "transform": [
                    {
                      "scaleY": 0.08,
                    },
                  ],
                }
              }
            />
            <View
              collapsable={false}
              style={
                {
                  "backgroundColor": "#2C5E8C",
                  "borderRadius": 3,
                  "flex": 1,
                  "height": 34,
                  "transform": [
                    {
                      "scaleY": 0.08,
                    },
                  ],
                }
              }
            />
          </View>
        </View>
      </View>
      <View
        style={
          {
            "marginTop": 12,
          }
        }
      >
        <View
          accessibilityLabel="Speech speed 1×, tap to change"
          accessibilityRole="button"
          accessibilityState={
            {
              "busy": undefined,
              "checked": undefined,
              "disabled": undefined,
              "expanded": undefined,
              "selected": undefined,
            }
          }
          accessibilityValue={
            {
              "max": undefined,
              "min": undefined,
              "now": undefined,
              "text": undefined,
            }
          }
          accessible={true}
          collapsable={false}
          focusable={true}
          onBlur={[Function]}
          onClick={[Function]}
          onFocus={[Function]}
          onResponderGrant={[Function]}
          onResponderMove={[Function]}
          onResponderRelease={[Function]}
          onResponderTerminate={[Function]}
          onResponderTerminationRequest={[Function]}
          onStartShouldSetResponder={[Function]}
          style={
            [
              {
                "alignItems": "center",
                "borderRadius": 99,
                "borderWidth": 1.5,
                "columnGap": 7,
                "flexDirection": "row",
                "paddingHorizontal": 14,
                "paddingVertical": 8,
              },
              {
                "backgroundColor": "transparent",
                "borderColor": "rgba(26,39,51,0.09)",
              },
            ]
          }
        >
          <RNSVGSvgView
            align="xMidYMid"
            bbHeight={15}
            bbWidth={15}
            focusable={false}
            height={15}
            meetOrSlice={0}
            minX={0}
            minY={0}
            style={
              [
                {
                  "backgroundColor": "transparent",
                  "borderWidth": 0,
                },
                {
                  "flex": 0,
                  "height": 15,
                  "width": 15,
                },
              ]
            }
            vbHeight={24}
            vbWidth={24}
            width={15}
          >
            <RNSVGGroup
              fill={
                {
                  "payload": 4278190080,
                  "type": 0,
                }
              }
            >
              <RNSVGPath
                d="M4 16.5a8.5 8.5 0 0 1 16 0"
                fill={null}
                propList={
                  [
                    "fill",
                    "stroke",
                    "strokeWidth",
                    "strokeLinecap",
                  ]
                }
                stroke={
                  {
                    "payload": 1461331763,
                    "type": 0,
                  }
                }
                strokeLinecap={1}
                strokeWidth={1.8}
              />
              <RNSVGPath
                d="M12 16.5L8 13.5"
                fill={null}
                propList={
                  [
                    "fill",
                    "stroke",
                    "strokeWidth",
                    "strokeLinecap",
                  ]
                }
                stroke={
                  {
                    "payload": 1461331763,
                    "type": 0,
                  }
                }
                strokeLinecap={1}
                strokeWidth={1.8}
              />
              <RNSVGCircle
                cx="12"
                cy="16.5"
                fill={
                  {
                    "payload": 1461331763,
                    "type": 0,
                  }
                }
                propList={
                  [
                    "fill",
                  ]
                }
                r="1.2"
              />
            </RNSVGGroup>
          </RNSVGSvgView>
          <Text
            style={
              [
                {
                  "fontSize": 13,
                  "fontVariant": [
                    "tabular-nums",
                  ],
                  "fontWeight": "600",
                },
                {
                  "color": "rgba(26,39,51,0.34)",
                },
              ]
            }
          >
            1×
          </Text>
        </View>
      </View>
      <View
        style={
          {
            "marginTop": 30,
          }
        }
      >
        <Text
          style={
            [
              {
                "textAlign": "center",
              },
              {
                "color": "rgba(26,39,51,0.58)",
                "fontFamily": "Spectral_500Medium",
                "fontSize": 20,
                "letterSpacing": -0.2,
                "lineHeight": 26,
              },
            ]
          }
        >
          What does it mean?
        </Text>
      </View>
      <View
        style={
          {
            "marginTop": 18,
            "rowGap": 10,
            "width": "100%",
          }
        }
      >
        <View
          accessibilityRole="button"
          accessibilityState={
            {
              "busy": undefined,
              "checked": undefined,
              "disabled": false,
              "expanded": undefined,
              "selected": undefined,
            }
          }
          accessibilityValue={
            {
              "max": undefined,
              "min": undefined,
              "now": undefined,
              "text": undefined,
            }
          }
          accessible={true}
          collapsable={false}
          focusable={true}
          onBlur={[Function]}
          onClick={[Function]}
          onFocus={[Function]}
          onResponderGrant={[Function]}
          onResponderMove={[Function]}
          onResponderRelease={[Function]}
          onResponderTerminate={[Function]}
          onResponderTerminationRequest={[Function]}
          onStartShouldSetResponder={[Function]}
          style={
            [
              {
                "alignItems": "center",
                "borderRadius": 16,
                "borderWidth": 1.5,
                "flexDirection": "row",
                "justifyContent": "space-between",
                "minHeight": 52,
                "paddingHorizontal": 18,
                "width": "100%",
              },
              {
                "backgroundColor": "#FFFFFF",
                "borderColor": "rgba(26,39,51,0.09)",
                "opacity": 1,
              },
              {
                "elevation": 1,
                "shadowColor": "#1A2733",
                "shadowOffset": {
                  "height": 1,
                  "width": 0,
                },
                "shadowOpacity": 0.06,
                "shadowRadius": 2,
              },
            ]
          }
        >
          <View
            style={
              {
                "alignItems": "baseline",
                "columnGap": 8,
                "flexDirection": "row",
                "flexShrink": 1,
              }
            }
          >
            <Text
              style={
                [
                  {
                    "fontSize": 16,
                    "fontWeight": "600",
                  },
                  {
                    "color": "#1A2733",
                  },
                ]
              }
            >
              Good morning!
            </Text>
          </View>
        </View>
        <View
          accessibilityRole="button"
          accessibilityState={
            {
              "busy": undefined,
              "checked": undefined,
              "disabled": false,
              "expanded": undefined,
              "selected": undefined,
            }
          }
          accessibilityValue={
            {
              "max": undefined,
              "min": undefined,
              "now": undefined,
              "text": undefined,
            }
          }
          accessible={true}
          collapsable={false}
          focusable={true}
          onBlur={[Function]}
          onClick={[Function]}
          onFocus={[Function]}
          onResponderGrant={[Function]}
          onResponderMove={[Function]}
          onResponderRelease={[Function]}
          onResponderTerminate={[Function]}
          onResponderTerminationRequest={[Function]}
          onStartShouldSetResponder={[Function]}
          style={
            [
              {
                "alignItems": "center",
                "borderRadius": 16,
                "borderWidth": 1.5,
                "flexDirection": "row",
                "justifyContent": "space-between",
                "minHeight": 52,
                "paddingHorizontal": 18,
                "width": "100%",
              },
              {
                "backgroundColor": "#FFFFFF",
                "borderColor": "rgba(26,39,51,0.09)",
                "opacity": 1,
              },
              {
                "elevation": 1,
                "shadowColor": "#1A2733",
                "shadowOffset": {
                  "height": 1,
                  "width": 0,
                },
                "shadowOpacity": 0.06,
                "shadowRadius": 2,
              },
            ]
          }
        >
          <View
            style={
              {
                "alignItems": "baseline",
                "columnGap": 8,
                "flexDirection": "row",
                "flexShrink": 1,
              }
            }
          >
            <Text
              style={
                [
                  {
                    "fontSize": 16,
                    "fontWeight": "600",
                  },
                  {
                    "color": "#1A2733",
                  },
                ]
              }
            >
              Good night!
            </Text>
          </View>
        </View>
      </View>
      <Text
        style={
          [
            {
              "fontSize": 13,
              "marginTop": 16,
              "minHeight": 18,
              "paddingHorizontal": 12,
              "textAlign": "center",
            },
            {
              "color": "#C0485A",
            },
          ]
        }
      />
    </View>
    <View
      style={
        {
          "paddingBottom": 30,
        }
      }
    >
      <View
        accessibilityRole="button"
        accessibilityState={
          {
            "busy": undefined,
            "checked": undefined,
            "disabled": true,
            "expanded": undefined,
            "selected": undefined,
          }
        }
        accessibilityValue={
          {
            "max": undefined,
            "min": undefined,
            "now": undefined,
            "text": undefined,
          }
        }
        accessible={true}
        collapsable={false}
        focusable={true}
        onBlur={[Function]}
        onClick={[Function]}
        onFocus={[Function]}
        onResponderGrant={[Function]}
        onResponderMove={[Function]}
        onResponderRelease={[Function]}
        onResponderTerminate={[Function]}
        onResponderTerminationRequest={[Function]}
        onStartShouldSetResponder={[Function]}
        style={
          [
            {
              "alignItems": "center",
              "borderRadius": 18,
              "height": 56,
              "justifyContent": "center",
              "width": "100%",
            },
            {
              "backgroundColor": "#2C5E8C",
              "borderColor": "#2C5E8C",
              "borderWidth": 0,
              "opacity": 0.5,
            },
          ]
        }
      >
        <View
          style={
            {
              "alignItems": "center",
              "flexDirection": "row",
              "justifyContent": "center",
            }
          }
        >
          <Text
            style={
              [
                {
                  "fontSize": 17,
                  "fontWeight": "600",
                },
                {
                  "color": "#FFFFFF",
                },
              ]
            }
          >
            Continue
          </Text>
        </View>
      </View>
    </View>
  </View>
</RCTSafeAreaView>
`;
