// Jest Snapshot v1, https://goo.gl/fbAQLP

exports[`WordPicReview renders the choose stage from item data (snapshot) 1`] = `
<RCTSafeAreaView
  style={
    [
      {
        "flex": 1,
      },
      {
        "backgroundColor": "#F4F2ED",
      },
      undefined,
    ]
  }
>
  <View
    style={
      [
        {
          "flex": 1,
        },
        {
          "paddingHorizontal": 24,
        },
      ]
    }
  >
    <View
      collapsable={false}
      style={
        {
          "flex": 1,
          "opacity": 1,
        }
      }
      testID="stage-fade"
    >
      <View
        style={
          [
            {
              "alignItems": "center",
              "flex": 1,
              "justifyContent": "center",
              "paddingBottom": 8,
              "rowGap": 14,
            },
            undefined,
          ]
        }
      >
        <Text
          style={
            [
              {
                "fontSize": 11.5,
                "fontWeight": "600",
                "letterSpacing": 1.3,
                "textAlign": "center",
              },
              {
                "color": "rgba(26,39,51,0.34)",
              },
            ]
          }
        >
          REVIEW · PICTURE
        </Text>
        <Image
          accessibilityRole="image"
          resizeMode="cover"
          source={
            {
              "uri": "house.png",
            }
          }
          style={
            [
              {
                "alignItems": "center",
                "justifyContent": "center",
                "overflow": "hidden",
              },
              {
                "alignSelf": "stretch",
                "borderRadius": 24,
                "height": 168,
                "width": "100%",
              },
            ]
          }
        />
        <View
          style={
            {
              "alignItems": "center",
              "columnGap": 10,
              "flexDirection": "row",
              "marginTop": 4,
              "width": "100%",
            }
          }
        >
          <View
            accessibilityLabel="Play"
            accessibilityRole="button"
            accessibilityState={
              {
                "busy": undefined,
                "checked": undefined,
                "disabled": undefined,
                "expanded": undefined,
                "selected": undefined,
              }
            }
            accessibilityValue={
              {
                "max": undefined,
                "min": undefined,
                "now": undefined,
                "text": undefined,
              }
            }
            accessible={true}
            collapsable={false}
            focusable={true}
            onBlur={[Function]}
            onClick={[Function]}
            onFocus={[Function]}
            onResponderGrant={[Function]}
            onResponderMove={[Function]}
            onResponderRelease={[Function]}
            onResponderTerminate={[Function]}
            onResponderTerminationRequest={[Function]}
            onStartShouldSetResponder={[Function]}
            style={
              [
                {
                  "alignItems": "center",
                  "justifyContent": "center",
                },
                {
                  "backgroundColor": "transparent",
                  "borderColor": "#2C5E8C",
                  "borderRadius": 25.5,
                  "borderWidth": 1.5,
                  "elevation": 0,
                  "height": 51,
                  "shadowColor": "#2C5E8C",
                  "shadowOffset": {
                    "height": 8,
                    "width": 0,
                  },
                  "shadowOpacity": 0,
                  "shadowRadius": 22,
                  "width": 51,
                },
              ]
            }
          >
            <RNSVGSvgView
              align="xMidYMid"
              bbHeight={18.36}
              bbWidth={18.36}
              focusable={false}
              height={18.36}
              meetOrSlice={0}
              minX={0}
              minY={0}
              style={
                [
                  {
                    "backgroundColor": "transparent",
                    "borderWidth": 0,
                  },
                  {
                    "flex": 0,
                    "height": 18,
                    "width": 18,
                  },
                ]
              }
              vbHeight={24}
              vbWidth={24}
              width={18.36}
            >
              <RNSVGGroup
                fill={
                  {
                    "payload": 4278190080,
                    "type": 0,
                  }
                }
              >
                <RNSVGPath
                  d="M6 4.5v15a1 1 0 0 0 1.5.87l12-7.5a1 1 0 0 0 0-1.74l-12-7.5A1 1 0 0 0 6 4.5z"
                  fill={
                    {
                      "payload": 4281097868,
                      "type": 0,
                    }
                  }
                  propList={
                    [
                      "fill",
                    ]
                  }
                />
              </RNSVGGroup>
            </RNSVGSvgView>
          </View>
          <View
            style={
              {
                "flex": 1,
              }
            }
          >
            <View
              accessibilityLabel="Audio waveform"
              accessibilityRole="image"
              style={
                [
                  {
                    "alignItems": "center",
                    "flexDirection": "row",
                    "width": "100%",
                  },
                  {
                    "columnGap": 3,
                    "height": 28,
                  },
                ]
              }
            >
              <View
                collapsable={false}
                style={
                  {
                    "backgroundColor": "#2C5E8C",
                    "borderRadius": 3,
                    "flex": 1,
                    "height": 28,
                    "transform": [
                      {
                        "scaleY": 0.08,
                      },
                    ],
                  }
                }
              />
              <View
                collapsable={false}
                style={
                  {
                    "backgroundColor": "#2C5E8C",
                    "borderRadius": 3,
                    "flex": 1,
                    "height": 28,
                    "transform": [
                      {
                        "scaleY": 0.08,
                      },
                    ],
                  }
                }
              />
              <View
                collapsable={false}
                style={
                  {
                    "backgroundColor": "#2C5E8C",
                    "borderRadius": 3,
                    "flex": 1,
                    "height": 28,
                    "transform": [
                      {
                        "scaleY": 0.08,
                      },
                    ],
                  }
                }
              />
              <View
                collapsable={false}
                style={
                  {
                    "backgroundColor": "#2C5E8C",
                    "borderRadius": 3,
                    "flex": 1,
                    "height": 28,
                    "transform": [
                      {
                        "scaleY": 0.08,
                      },
                    ],
                  }
                }
              />
              <View
                collapsable={false}
                style={
                  {
                    "backgroundColor": "#2C5E8C",
                    "borderRadius": 3,
                    "flex": 1,
                    "height": 28,
                    "transform": [
                      {
                        "scaleY": 0.08,
                      },
                    ],
                  }
                }
              />
              <View
                collapsable={false}
                style={
                  {
                    "backgroundColor": "#2C5E8C",
                    "borderRadius": 3,
                    "flex": 1,
                    "height": 28,
                    "transform": [
                      {
                        "scaleY": 0.08,
                      },
                    ],
                  }
                }
              />
              <View
                collapsable={false}
                style={
                  {
                    "backgroundColor": "#2C5E8C",
                    "borderRadius": 3,
                    "flex": 1,
                    "height": 28,
                    "transform": [
                      {
                        "scaleY": 0.08,
                      },
                    ],
                  }
                }
              />
              <View
                collapsable={false}
                style={
                  {
                    "backgroundColor": "#2C5E8C",
                    "borderRadius": 3,
                    "flex": 1,
                    "height": 28,
                    "transform": [
                      {
                        "scaleY": 0.08,
                      },
                    ],
                  }
                }
              />
              <View
                collapsable={false}
                style={
                  {
                    "backgroundColor": "#2C5E8C",
                    "borderRadius": 3,
                    "flex": 1,
                    "height": 28,
                    "transform": [
                      {
                        "scaleY": 0.08,
                      },
                    ],
                  }
                }
              />
              <View
                collapsable={false}
                style={
                  {
                    "backgroundColor": "#2C5E8C",
                    "borderRadius": 3,
                    "flex": 1,
                    "height": 28,
                    "transform": [
                      {
                        "scaleY": 0.08,
                      },
                    ],
                  }
                }
              />
              <View
                collapsable={false}
                style={
                  {
                    "backgroundColor": "#2C5E8C",
                    "borderRadius": 3,
                    "flex": 1,
                    "height": 28,
                    "transform": [
                      {
                        "scaleY": 0.08,
                      },
                    ],
                  }
                }
              />
              <View
                collapsable={false}
                style={
                  {
                    "backgroundColor": "#2C5E8C",
                    "borderRadius": 3,
                    "flex": 1,
                    "height": 28,
                    "transform": [
                      {
                        "scaleY": 0.08,
                      },
                    ],
                  }
                }
              />
              <View
                collapsable={false}
                style={
                  {
                    "backgroundColor": "#2C5E8C",
                    "borderRadius": 3,
                    "flex": 1,
                    "height": 28,
                    "transform": [
                      {
                        "scaleY": 0.08,
                      },
                    ],
                  }
                }
              />
              <View
                collapsable={false}
                style={
                  {
                    "backgroundColor": "#2C5E8C",
                    "borderRadius": 3,
                    "flex": 1,
                    "height": 28,
                    "transform": [
                      {
                        "scaleY": 0.08,
                      },
                    ],
                  }
                }
              />
              <View
                collapsable={false}
                style={
                  {
                    "backgroundColor": "#2C5E8C",
                    "borderRadius": 3,
                    "flex": 1,
                    "height": 28,
                    "transform": [
                      {
                        "scaleY": 0.08,
                      },
                    ],
                  }
                }
              />
              <View
                collapsable={false}
                style={
                  {
                    "backgroundColor": "#2C5E8C",
                    "borderRadius": 3,
                    "flex": 1,
                    "height": 28,
                    "transform": [
                      {
                        "scaleY": 0.08,
                      },
                    ],
                  }
                }
              />
              <View
                collapsable={false}
                style={
                  {
                    "backgroundColor": "#2C5E8C",
                    "borderRadius": 3,
                    "flex": 1,
                    "height": 28,
                    "transform": [
                      {
                        "scaleY": 0.08,
                      },
                    ],
                  }
                }
              />
              <View
                collapsable={false}
                style={
                  {
                    "backgroundColor": "#2C5E8C",
                    "borderRadius": 3,
                    "flex": 1,
                    "height": 28,
                    "transform": [
                      {
                        "scaleY": 0.08,
                      },
                    ],
                  }
                }
              />
              <View
                collapsable={false}
                style={
                  {
                    "backgroundColor": "#2C5E8C",
                    "borderRadius": 3,
                    "flex": 1,
                    "height": 28,
                    "transform": [
                      {
                        "scaleY": 0.08,
                      },
                    ],
                  }
                }
              />
              <View
                collapsable={false}
                style={
                  {
                    "backgroundColor": "#2C5E8C",
                    "borderRadius": 3,
                    "flex": 1,
                    "height": 28,
                    "transform": [
                      {
                        "scaleY": 0.08,
                      },
                    ],
                  }
                }
              />
              <View
                collapsable={false}
                style={
                  {
                    "backgroundColor": "#2C5E8C",
                    "borderRadius": 3,
                    "flex": 1,
                    "height": 28,
                    "transform": [
                      {
                        "scaleY": 0.08,
                      },
                    ],
                  }
                }
              />
              <View
                collapsable={false}
                style={
                  {
                    "backgroundColor": "#2C5E8C",
                    "borderRadius": 3,
                    "flex": 1,
                    "height": 28,
                    "transform": [
                      {
                        "scaleY": 0.08,
                      },
                    ],
                  }
                }
              />
              <View
                collapsable={false}
                style={
                  {
                    "backgroundColor": "#2C5E8C",
                    "borderRadius": 3,
                    "flex": 1,
                    "height": 28,
                    "transform": [
                      {
                        "scaleY": 0.08,
                      },
                    ],
                  }
                }
              />
              <View
                collapsable={false}
                style={
                  {
                    "backgroundColor": "#2C5E8C",
                    "borderRadius": 3,
                    "flex": 1,
                    "height": 28,
                    "transform": [
                      {
                        "scaleY": 0.08,
                      },
                    ],
                  }
                }
              />
              <View
                collapsable={false}
                style={
                  {
                    "backgroundColor": "#2C5E8C",
                    "borderRadius": 3,
                    "flex": 1,
                    "height": 28,
                    "transform": [
                      {
                        "scaleY": 0.08,
                      },
                    ],
                  }
                }
              />
              <View
                collapsable={false}
                style={
                  {
                    "backgroundColor": "#2C5E8C",
                    "borderRadius": 3,
                    "flex": 1,
                    "height": 28,
                    "transform": [
                      {
                        "scaleY": 0.08,
                      },
                    ],
                  }
                }
              />
              <View
                collapsable={false}
                style={
                  {
                    "backgroundColor": "#2C5E8C",
                    "borderRadius": 3,
                    "flex": 1,
                    "height": 28,
                    "transform": [
                      {
                        "scaleY": 0.08,
                      },
                    ],
                  }
                }
              />
              <View
                collapsable={false}
                style={
                  {
                    "backgroundColor": "#2C5E8C",
                    "borderRadius": 3,
                    "flex": 1,
                    "height": 28,
                    "transform": [
                      {
                        "scaleY": 0.08,
                      },
                    ],
                  }
                }
              />
            </View>
          </View>
          <View
            accessibilityLabel="Speech speed 1×, tap to change"
            accessibilityRole="button"
            accessibilityState={
              {
                "busy": undefined,
                "checked": undefined,
                "disabled": undefined,
                "expanded": undefined,
                "selected": undefined,
              }
            }
            accessibilityValue={
              {
                "max": undefined,
                "min": undefined,
                "now": undefined,
                "text": undefined,
              }
            }
            accessible={true}
            collapsable={false}
            focusable={true}
            onBlur={[Function]}
            onClick={[Function]}
            onFocus={[Function]}
            onResponderGrant={[Function]}
            onResponderMove={[Function]}
            onResponderRelease={[Function]}
            onResponderTerminate={[Function]}
            onResponderTerminationRequest={[Function]}
            onStartShouldSetResponder={[Function]}
            style={
              [
                {
                  "alignItems": "center",
                  "borderRadius": 99,
                  "borderWidth": 1.5,
                  "columnGap": 7,
                  "flexDirection": "row",
                  "paddingHorizontal": 14,
                  "paddingVertical": 8,
                },
                {
                  "backgroundColor": "transparent",
                  "borderColor": "rgba(26,39,51,0.09)",
                },
              ]
            }
          >
            <RNSVGSvgView
              align="xMidYMid"
              bbHeight={15}
              bbWidth={15}
              focusable={false}
              height={15}
              meetOrSlice={0}
              minX={0}
              minY={0}
              style={
                [
                  {
                    "backgroundColor": "transparent",
                    "borderWidth": 0,
                  },
                  {
                    "flex": 0,
                    "height": 15,
                    "width": 15,
                  },
                ]
              }
              vbHeight={24}
              vbWidth={24}
              width={15}
            >
              <RNSVGGroup
                fill={
                  {
                    "payload": 4278190080,
                    "type": 0,
                  }
                }
              >
                <RNSVGPath
                  d="M4 16.5a8.5 8.5 0 0 1 16 0"
                  fill={null}
                  propList={
                    [
                      "fill",
                      "stroke",
                      "strokeWidth",
                      "strokeLinecap",
                    ]
                  }
                  stroke={
                    {
                      "payload": 1461331763,
                      "type": 0,
                    }
                  }
                  strokeLinecap={1}
                  strokeWidth={1.8}
                />
                <RNSVGPath
                  d="M12 16.5L8 13.5"
                  fill={null}
                  propList={
                    [
                      "fill",
                      "stroke",
                      "strokeWidth",
                      "strokeLinecap",
                    ]
                  }
                  stroke={
                    {
                      "payload": 1461331763,
                      "type": 0,
                    }
                  }
                  strokeLinecap={1}
                  strokeWidth={1.8}
                />
                <RNSVGCircle
                  cx="12"
                  cy="16.5"
                  fill={
                    {
                      "payload": 1461331763,
                      "type": 0,
                    }
                  }
                  propList={
                    [
                      "fill",
                    ]
                  }
                  r="1.2"
                />
              </RNSVGGroup>
            </RNSVGSvgView>
            <Text
              style={
                [
                  {
                    "fontSize": 13,
                    "fontVariant": [
                      "tabular-nums",
                    ],
                    "fontWeight": "600",
                  },
                  {
                    "color": "rgba(26,39,51,0.34)",
                  },
                ]
              }
            >
              1×
            </Text>
          </View>
        </View>
        <Text
          style={
            [
              {
                "textAlign": "center",
              },
              {
                "color": "rgba(26,39,51,0.58)",
                "fontSize": 14.5,
              },
            ]
          }
        >
          Which word names it?
        </Text>
        <View
          style={
            {
              "columnGap": 10,
              "flexDirection": "row",
              "flexWrap": "wrap",
              "marginTop": 6,
              "rowGap": 10,
              "width": "100%",
            }
          }
        >
          <View
            accessibilityRole="button"
            accessibilityState={
              {
                "busy": undefined,
                "checked": undefined,
                "disabled": false,
                "expanded": undefined,
                "selected": undefined,
              }
            }
            accessibilityValue={
              {
                "max": undefined,
                "min": undefined,
                "now": undefined,
                "text": undefined,
              }
            }
            accessible={true}
            collapsable={false}
            focusable={true}
            onBlur={[Function]}
            onClick={[Function]}
            onFocus={[Function]}
            onResponderGrant={[Function]}
            onResponderMove={[Function]}
            onResponderRelease={[Function]}
            onResponderTerminate={[Function]}
            onResponderTerminationRequest={[Function]}
            onStartShouldSetResponder={[Function]}
            style={
              [
                {
                  "alignItems": "center",
                  "borderRadius": 16,
                  "borderWidth": 1.5,
                  "columnGap": 7,
                  "flexBasis": "47%",
                  "flexDirection": "row",
                  "flexGrow": 1,
                  "justifyContent": "center",
                  "minHeight": 52,
                  "paddingHorizontal": 12,
                },
                {
                  "backgroundColor": "#FFFFFF",
                  "borderColor": "rgba(26,39,51,0.09)",
                  "opacity": 1,
                },
                {
                  "elevation": 1,
                  "shadowColor": "#1A2733",
                  "shadowOffset": {
                    "height": 1,
                    "width": 0,
                  },
                  "shadowOpacity": 0.06,
                  "shadowRadius": 2,
                },
              ]
            }
          >
            <Text
              style={
                [
                  {
                    "fontSize": 19,
                    "fontWeight": "500",
                  },
                  {
                    "color": "#1A2733",
                    "fontFamily": "Spectral_500Medium",
                  },
                ]
              }
            >
              māja
            </Text>
          </View>
          <View
            accessibilityRole="button"
            accessibilityState={
              {
                "busy": undefined,
                "checked": undefined,
                "disabled": false,
                "expanded": undefined,
                "selected": undefined,
              }
            }
            accessibilityValue={
              {
                "max": undefined,
                "min": undefined,
                "now": undefined,
                "text": undefined,
              }
            }
            accessible={true}
            collapsable={false}
            focusable={true}
            onBlur={[Function]}
            onClick={[Function]}
            onFocus={[Function]}
            onResponderGrant={[Function]}
            onResponderMove={[Function]}
            onResponderRelease={[Function]}
            onResponderTerminate={[Function]}
            onResponderTerminationRequest={[Function]}
            onStartShouldSetResponder={[Function]}
            style={
              [
                {
                  "alignItems": "center",
                  "borderRadius": 16,
                  "borderWidth": 1.5,
                  "columnGap": 7,
                  "flexBasis": "47%",
                  "flexDirection": "row",
                  "flexGrow": 1,
                  "justifyContent": "center",
                  "minHeight": 52,
                  "paddingHorizontal": 12,
                },
                {
                  "backgroundColor": "#FFFFFF",
                  "borderColor": "rgba(26,39,51,0.09)",
                  "opacity": 1,
                },
                {
                  "elevation": 1,
                  "shadowColor": "#1A2733",
                  "shadowOffset": {
                    "height": 1,
                    "width": 0,
                  },
                  "shadowOpacity": 0.06,
                  "shadowRadius": 2,
                },
              ]
            }
          >
            <Text
              style={
                [
                  {
                    "fontSize": 19,
                    "fontWeight": "500",
                  },
                  {
                    "color": "#1A2733",
                    "fontFamily": "Spectral_500Medium",
                  },
                ]
              }
            >
              maize
            </Text>
          </View>
        </View>
      </View>
      <View
        style={
          [
            {
              "paddingBottom": 30,
              "rowGap": 11,
            },
            undefined,
          ]
        }
      >
        <Text
          style={
            [
              {
                "fontSize": 13.5,
                "fontWeight": "500",
                "textAlign": "center",
              },
              {
                "color": "rgba(26,39,51,0.34)",
              },
            ]
          }
        >
          Name the picture, then say it — that’s the full loop.
        </Text>
      </View>
    </View>
  </View>
</RCTSafeAreaView>
`;
